// Jest Snapshot v1, https://goo.gl/fbAQLP

exports[`<RnaInput /> matches snapshot 1`] = `
<div>
  <div
    class="form-group"
  >
    <label
      class=""
    >
      RNA codons
    </label>
    <div
      class="input-group"
    >
      <input
        class="is-invalid form-control"
        type="text"
        value="AUGGCCAUGGCGCCCAGAACUGAGAUCAAUAGUACCCGUAUUAACGGGUGA"
      />
      <div
        class="input-group-append"
      >
        <button
          class="btn btn-primary"
          type="button"
        >
          Translate
        </button>
        <button
          class="btn btn-secondary"
          type="button"
        >
          Reset to example
        </button>
      </div>
    </div>
  </div>
</div>
`;
